\BOOKMARK [0][-]{Doc-Start}{\376\377\016\032\016\027\016\004\016\061\016\024\016\042\016\110\016\055}{}% 1
\BOOKMARK [0][-]{Doc-Start}{\376\377\000A\000B\000S\000T\000R\000A\000C\000T}{}% 2
\BOOKMARK [0][-]{chapter*.1}{\376\377\016\001\016\064\016\025\016\025\016\064\016\001\016\043\016\043\016\041\016\033\016\043\016\060\016\001\016\062\016\050}{}% 3
\BOOKMARK [0][-]{chapter*.2}{\376\377\016\052\016\062\016\043\016\032\016\061\016\015}{}% 4
\BOOKMARK [0][-]{chapter*.3}{\376\377\016\052\016\062\016\043\016\032\016\061\016\015\016\040\016\062\016\036}{}% 5
\BOOKMARK [0][-]{chapter*.4}{\376\377\016\052\016\062\016\043\016\032\016\061\016\015\016\025\016\062\016\043\016\062\016\007}{}% 6
\BOOKMARK [0][-]{chapter.1}{\376\377\016\032\016\027\016\031\016\063}{}% 7
\BOOKMARK [1][-]{section.1.1}{\376\377\016\004\016\047\016\062\016\041\016\100\016\033\016\107\016\031\016\041\016\062\016\101\016\045\016\060\016\004\016\047\016\062\016\041\016\052\016\063\016\004\016\061\016\015\016\002\016\055\016\007\016\033\016\061\016\015\016\053\016\062}{chapter.1}% 8
\BOOKMARK [1][-]{section.1.2}{\376\377\016\047\016\061\016\025\016\026\016\070\016\033\016\043\016\060\016\052\016\007\016\004\016\114}{chapter.1}% 9
\BOOKMARK [1][-]{section.1.3}{\376\377\016\002\016\055\016\032\016\100\016\002\016\025\016\101\016\045\016\060\016\002\016\111\016\055\016\010\016\063\016\001\016\061\016\024\016\002\016\055\016\007\016\043\016\060\016\032\016\032}{chapter.1}% 10
\BOOKMARK [2][-]{subsection.1.3.1}{\376\377\016\002\016\055\016\032\016\100\016\002\016\025}{section.1.3}% 11
\BOOKMARK [2][-]{subsection.1.3.2}{\376\377\016\002\016\111\016\055\016\010\016\063\016\001\016\061\016\024\016\002\016\055\016\007\016\102\016\004\016\043\016\007\016\007\016\062\016\031}{section.1.3}% 12
\BOOKMARK [1][-]{section.1.4}{\376\377\016\033\016\043\016\060\016\102\016\042\016\012\016\031\016\114\016\027\016\065\016\110\016\004\016\062\016\024\016\047\016\110\016\062\016\010\016\060\016\104\016\024\016\111\016\043\016\061\016\032}{chapter.1}% 13
\BOOKMARK [0][-]{chapter.2}{\376\377\016\027\016\044\016\051\016\016\016\065\016\101\016\045\016\060\016\007\016\062\016\031\016\047\016\064\016\010\016\061\016\042\016\027\016\065\016\110\016\100\016\001\016\065\016\110\016\042\016\047\016\002\016\111\016\055\016\007}{}% 14
\BOOKMARK [1][-]{section.2.1}{\376\377\016\027\016\044\016\051\016\016\016\065\016\101\016\045\016\060\016\007\016\062\016\031\016\047\016\064\016\010\016\061\016\042\016\024\016\111\016\062\016\031\016\036\016\044\016\025\016\064\016\001\016\043\016\043\016\041\016\101\016\045\016\060\016\101\016\043\016\007\016\010\016\071\016\007\016\103\016\010}{chapter.2}% 15
\BOOKMARK [2][-]{subsection.2.1.1}{\376\377\016\027\016\044\016\051\016\016\016\065\016\001\016\062\016\043\016\001\016\063\016\053\016\031\016\024\016\103\016\010\016\025\016\031\016\100\016\055\016\007}{section.2.1}% 16
\BOOKMARK [2][-]{subsection.2.1.2}{\376\377\016\100\016\027\016\004\016\031\016\064\016\004\016\001\016\062\016\043\016\100\016\033\016\045\016\065\016\110\016\042\016\031\016\036\016\044\016\025\016\064\016\001\016\043\016\043\016\041}{section.2.1}% 17
\BOOKMARK [2][-]{subsection.2.1.3}{\376\377\016\101\016\043\016\007\016\010\016\071\016\007\016\103\016\010\016\101\016\045\016\060\016\001\016\062\016\043\016\052\016\031\016\061\016\032\016\052\016\031\016\070\016\031\016\027\016\062\016\007\016\052\016\061\016\007\016\004\016\041}{section.2.1}% 18
\BOOKMARK [1][-]{section.2.2}{\376\377\016\053\016\045\016\061\016\001\016\001\016\062\016\043\016\055\016\055\016\001\016\101\016\032\016\032\016\100\016\001\016\041\016\041\016\064\016\037\016\064\016\100\016\004\016\012\016\061\016\031\016\052\016\063\016\053\016\043\016\061\016\032\016\001\016\064\016\010\016\001\016\043\016\043\016\041\016\027\016\062\016\007\016\001\016\062\016\042}{chapter.2}% 19
\BOOKMARK [2][-]{subsection.2.2.1}{\376\377\016\043\016\060\016\032\016\032\016\100\016\033\016\111\016\062\016\053\016\041\016\062\016\042\016\101\016\045\016\060\016\004\016\047\016\062\016\041\016\001\016\111\016\062\016\047\016\053\016\031\016\111\016\062}{section.2.2}% 20
\BOOKMARK [2][-]{subsection.2.2.2}{\376\377\016\043\016\060\016\032\016\032\016\001\016\062\016\043\016\103\016\053\016\111\016\043\016\062\016\007\016\047\016\061\016\045\016\101\016\045\016\060\016\052\016\064\016\110\016\007\016\010\016\071\016\007\016\103\016\010}{section.2.2}% 21
\BOOKMARK [2][-]{subsection.2.2.3}{\376\377\016\004\016\047\016\062\016\041\016\027\016\111\016\062\016\027\016\062\016\042\016\027\016\065\016\110\016\033\016\043\016\061\016\032\016\025\016\062\016\041\016\043\016\060\016\024\016\061\016\032\016\034\016\071\016\111\016\103\016\012\016\111}{section.2.2}% 22
\BOOKMARK [2][-]{subsection.2.2.4}{\376\377\016\055\016\007\016\004\016\114\016\033\016\043\016\060\016\001\016\055\016\032\016\027\016\062\016\007\016\052\016\061\016\007\016\004\016\041\016\101\016\045\016\060\016\100\016\031\016\067\016\111\016\055\016\100\016\043\016\067\016\110\016\055\016\007}{section.2.2}% 23
\BOOKMARK [1][-]{section.2.3}{\376\377\016\101\016\032\016\032\016\010\016\063\016\045\016\055\016\007\016\101\016\045\016\060\016\047\016\064\016\030\016\065\016\035\016\066\016\001\016\047\016\064\016\110\016\007\016\027\016\065\016\110\016\042\016\066\016\024\016\053\016\045\016\061\016\001\016\020\016\062\016\031\016\027\016\062\016\007\016\047\016\064\016\027\016\042\016\062\016\050\016\062\016\052\016\025\016\043\016\114}{chapter.2}% 24
\BOOKMARK [2][-]{subsection.2.3.1}{\376\377\016\001\016\062\016\043\016\103\016\012\016\111\000\040\000M\000a\000c\000h\000i\000n\000e\000\040\000L\000e\000a\000r\000n\000i\000n\000g\000\040\016\103\016\031\016\001\016\062\016\043\016\047\016\062\016\007\016\101\016\034\016\031\016\001\016\062\016\043\016\035\016\066\016\001\016\013\016\111\016\055\016\041}{section.2.3}% 25
\BOOKMARK [2][-]{subsection.2.3.2}{\376\377\000S\000e\000s\000s\000i\000o\000n\000-\000R\000P\000E}{section.2.3}% 26
\BOOKMARK [2][-]{subsection.2.3.3}{\376\377\000A\000c\000u\000t\000e\000-\000t\000o\000-\000C\000h\000r\000o\000n\000i\000c\000\040\000W\000o\000r\000k\000l\000o\000a\000d\000\040\000R\000a\000t\000i\000o}{section.2.3}% 27
\BOOKMARK [1][-]{section.2.4}{\376\377\016\100\016\027\016\004\016\102\016\031\016\102\016\045\016\042\016\065\016\101\016\045\016\060\016\101\016\055\016\033\016\036\016\045\016\064\016\100\016\004\016\012\016\061\016\031\016\027\016\065\016\110\016\100\016\001\016\065\016\110\016\042\016\047\016\002\016\111\016\055\016\007}{chapter.2}% 28
\BOOKMARK [1][-]{section.2.5}{\376\377\016\052\016\043\016\070\016\033\016\001\016\043\016\055\016\032\016\101\016\031\016\047\016\004\016\064\016\024\016\001\016\062\016\043\016\047\016\064\016\010\016\061\016\042}{chapter.2}% 29
\BOOKMARK [0][-]{chapter.3}{\376\377\016\047\016\064\016\030\016\065\016\001\016\062\016\043\016\024\016\063\016\100\016\031\016\064\016\031\016\102\016\004\016\043\016\007\016\007\016\062\016\031}{}% 30
\BOOKMARK [1][-]{section.3.1}{\376\377\016\002\016\061\016\111\016\031\016\025\016\055\016\031\016\001\016\062\016\043\016\024\016\063\016\100\016\031\016\064\016\031\016\007\016\062\016\031}{chapter.3}% 31
\BOOKMARK [2][-]{subsection.3.1.1}{\376\377\016\050\016\066\016\001\016\051\016\062\016\033\016\061\016\015\016\053\016\062\016\101\016\045\016\060\016\043\016\047\016\032\016\043\016\047\016\041\016\004\016\047\016\062\016\041\016\025\016\111\016\055\016\007\016\001\016\062\016\043}{section.3.1}% 32
\BOOKMARK [2][-]{subsection.3.1.2}{\376\377\016\047\016\064\016\100\016\004\016\043\016\062\016\060\016\053\016\114\016\101\016\045\016\060\016\055\016\055\016\001\016\101\016\032\016\032\016\043\016\060\016\032\016\032}{section.3.1}% 33
\BOOKMARK [2][-]{subsection.3.1.3}{\376\377\016\036\016\061\016\022\016\031\016\062\016\043\016\060\016\032\016\032}{section.3.1}% 34
\BOOKMARK [2][-]{subsection.3.1.4}{\376\377\016\027\016\024\016\052\016\055\016\032\016\101\016\045\016\060\016\033\016\043\016\060\016\100\016\041\016\064\016\031\016\034\016\045}{section.3.1}% 35
\BOOKMARK [2][-]{subsection.3.1.5}{\376\377\016\033\016\043\016\061\016\032\016\033\016\043\016\070\016\007\016\101\016\045\016\060\016\052\016\043\016\070\016\033\016\034\016\045}{section.3.1}% 36
\BOOKMARK [1][-]{section.3.2}{\376\377\016\100\016\004\016\043\016\067\016\110\016\055\016\007\016\041\016\067\016\055\016\027\016\065\016\110\016\103\016\012\016\111\016\103\016\031\016\001\016\062\016\043\016\024\016\063\016\100\016\031\016\064\016\031\016\007\016\062\016\031}{chapter.3}% 37
\BOOKMARK [2][-]{subsection.3.2.1}{\376\377\016\056\016\062\016\043\016\114\016\024\016\101\016\047\016\043\016\114}{section.3.2}% 38
\BOOKMARK [2][-]{subsection.3.2.2}{\376\377\016\013\016\055\016\037\016\025\016\114\016\101\016\047\016\043\016\114}{section.3.2}% 39
\BOOKMARK [1][-]{section.3.3}{\376\377\016\101\016\034\016\031\016\001\016\062\016\043\016\024\016\063\016\100\016\031\016\064\016\031\016\007\016\062\016\031}{chapter.3}% 40
\BOOKMARK [0][-]{chapter.4}{\376\377\016\001\016\062\016\043\016\047\016\064\016\100\016\004\016\043\016\062\016\060\016\053\016\114\000\040\016\055\016\055\016\001\016\101\016\032\016\032\016\101\016\045\016\060\016\036\016\061\016\022\016\031\016\062\016\043\016\060\016\032\016\032}{}% 41
\BOOKMARK [1][-]{section.4.1}{\376\377\016\001\016\043\016\055\016\032\016\101\016\031\016\047\016\004\016\064\016\024\016\002\016\055\016\007\016\043\016\060\016\032\016\032}{chapter.4}% 42
\BOOKMARK [2][-]{subsection.4.1.1}{\376\377\016\004\016\047\016\062\016\041\016\052\016\061\016\041\016\036\016\061\016\031\016\030\016\114\016\043\016\060\016\053\016\047\016\110\016\062\016\007\016\001\016\043\016\055\016\032\016\101\016\031\016\047\016\004\016\064\016\024\016\001\016\061\016\032\016\037\016\061\016\007\016\001\016\114\016\012\016\061\016\031\016\002\016\055\016\007\016\043\016\060\016\032\016\032}{section.4.1}% 43
\BOOKMARK [1][-]{section.4.2}{\376\377\016\101\016\034\016\031\016\001\016\062\016\043\016\035\016\066\016\001\016\101\016\045\016\060\016\001\016\062\016\043\016\033\016\045\016\024\016\045\016\107\016\055\016\001\016\043\016\060\016\024\016\061\016\032}{chapter.4}% 44
\BOOKMARK [2][-]{subsection.4.2.1}{\376\377\016\043\016\060\016\024\016\061\016\032\016\002\016\055\016\007\016\101\016\034\016\031\016\001\016\062\016\043\016\035\016\066\016\001}{section.4.2}% 45
\BOOKMARK [2][-]{subsection.4.2.2}{\376\377\016\100\016\001\016\023\016\021\016\114\016\053\016\031\016\110\016\047\016\042\016\001\016\064\016\025\016\101\016\045\016\060\016\002\016\111\016\055\016\010\016\063\016\001\016\061\016\024\016\043\016\062\016\042\016\052\016\061\016\033\016\024\016\062\016\053\016\114}{section.4.2}% 46
\BOOKMARK [2][-]{subsection.4.2.3}{\376\377\016\001\016\016\016\001\016\062\016\043\016\045\016\007\016\027\016\060\016\100\016\032\016\065\016\042\016\031\016\101\016\045\016\060\016\001\016\062\016\043\016\032\016\061\016\007\016\004\016\061\016\032\016\103\016\012\016\111\016\102\016\024\016\042\016\043\016\060\016\032\016\032}{section.4.2}% 47
\BOOKMARK [2][-]{subsection.4.2.4}{\376\377\016\025\016\062\016\043\016\062\016\007\016\002\016\111\016\055\016\041\016\071\016\045\000\040\000S\000i\000d\000e\000\040\000Q\000u\000e\000s\000t}{section.4.2}% 48
\BOOKMARK [1][-]{section.4.3}{\376\377\016\034\016\045\016\001\016\062\016\043\016\036\016\061\016\022\016\031\016\062\016\101\016\055\016\033\016\036\016\045\016\064\016\100\016\004\016\012\016\061\016\031}{chapter.4}% 49
\BOOKMARK [2][-]{subsection.4.3.1}{\376\377\016\001\016\062\016\043\016\100\016\002\016\111\016\062\016\052\016\071\016\110\016\043\016\060\016\032\016\032\016\101\016\045\016\060\016\001\016\062\016\043\016\052\016\041\016\061\016\004\016\043\016\052\016\041\016\062\016\012\016\064\016\001}{section.4.3}% 50
\BOOKMARK [2][-]{subsection.4.3.2}{\376\377\016\001\016\062\016\043\016\100\016\001\016\107\016\032\016\002\016\111\016\055\016\041\016\071\016\045\016\036\016\067\016\111\016\031\016\020\016\062\016\031\016\101\016\045\016\060\016\002\016\111\016\055\016\041\016\071\016\045\016\052\016\070\016\002\016\040\016\062\016\036}{section.4.3}% 51
\BOOKMARK [2][-]{subsection.4.3.3}{\376\377\016\001\016\062\016\043\016\001\016\063\016\053\016\031\016\024\016\100\016\033\016\111\016\062\016\053\016\041\016\062\016\042\016\001\016\062\016\043\016\047\016\064\016\110\016\007}{section.4.3}% 52
\BOOKMARK [2][-]{subsection.4.3.4}{\376\377\016\053\016\031\016\111\016\062\016\053\016\045\016\061\016\001\016\101\016\045\016\060\000\040\000D\000a\000i\000l\000y\000\040\000W\000e\000l\000l\000n\000e\000s\000s\000\040\000C\000h\000e\000c\000k\000-\000i\000n}{section.4.3}% 53
\BOOKMARK [2][-]{subsection.4.3.5}{\376\377\016\001\016\062\016\043\016\047\016\064\016\110\016\007\016\101\016\045\016\060\016\034\016\045\016\045\016\061\016\036\016\030\016\114\016\053\016\045\016\061\016\007\016\047\016\064\016\110\016\007}{section.4.3}% 54
\BOOKMARK [2][-]{subsection.4.3.6}{\376\377\016\043\016\060\016\032\016\032\016\043\016\062\016\007\016\047\016\061\016\045\016\101\016\045\016\060\000\040\000G\000a\000m\000i\000f\000i\000c\000a\000t\000i\000o\000n}{section.4.3}% 55
\BOOKMARK [1][-]{section.4.4}{\376\377\016\034\016\045\016\001\016\062\016\043\016\055\016\055\016\001\016\101\016\032\016\032\016\043\016\060\016\032\016\032\000\040\000\050\000S\000y\000s\000t\000e\000m\000\040\000D\000e\000s\000i\000g\000n\000\051}{chapter.4}% 56
\BOOKMARK [2][-]{subsection.4.4.1}{\376\377\000U\000s\000e\000\040\000C\000a\000s\000e\000\040\000D\000i\000a\000g\000r\000a\000m}{section.4.4}% 57
\BOOKMARK [2][-]{subsection.4.4.2}{\376\377\000U\000s\000e\000\040\000C\000a\000s\000e\000\040\000D\000e\000s\000c\000r\000i\000p\000t\000i\000o\000n}{section.4.4}% 58
\BOOKMARK [2][-]{subsection.4.4.3}{\376\377\000E\000n\000t\000i\000t\000y\000\040\000R\000e\000l\000a\000t\000i\000o\000n\000s\000h\000i\000p\000\040\000D\000i\000a\000g\000r\000a\000m\000\040\000\050\000E\000R\000D\000\051}{section.4.4}% 59
\BOOKMARK [1][-]{section.4.5}{\376\377\016\052\016\043\016\070\016\033\016\034\016\045\016\001\016\062\016\043\016\036\016\061\016\022\016\031\016\062}{chapter.4}% 60
\BOOKMARK [0][-]{chapter.5}{\376\377\016\052\016\043\016\070\016\033\016\034\016\045\016\001\016\062\016\043\016\024\016\063\016\100\016\031\016\064\016\031\016\007\016\062\016\031}{}% 61
\BOOKMARK [1][-]{section.5.1}{\376\377\016\052\016\043\016\070\016\033\016\034\016\045\016\001\016\062\016\043\016\024\016\063\016\100\016\031\016\064\016\031\016\102\016\004\016\043\016\007\016\007\016\062\016\031}{chapter.5}% 62
\BOOKMARK [1][-]{section.5.2}{\376\377\016\002\016\111\016\055\016\010\016\063\016\001\016\061\016\024\016\002\016\055\016\007\016\043\016\060\016\032\016\032}{chapter.5}% 63
\BOOKMARK [2][-]{subsection.5.2.1}{\376\377\016\002\016\111\016\055\016\010\016\063\016\001\016\061\016\024\016\024\016\111\016\062\016\031\016\001\016\062\016\043\016\027\016\063\016\007\016\062\016\031}{section.5.2}% 64
\BOOKMARK [2][-]{subsection.5.2.2}{\376\377\016\002\016\111\016\055\016\010\016\063\016\001\016\061\016\024\016\024\016\111\016\062\016\031\016\056\016\062\016\043\016\114\016\024\016\101\016\047\016\043\016\114\016\101\016\045\016\060\016\013\016\055\016\037\016\025\016\114\016\101\016\047\016\043\016\114}{section.5.2}% 65
\BOOKMARK [1][-]{section.5.3}{\376\377\016\033\016\061\016\015\016\053\016\062\016\055\016\070\016\033\016\052\016\043\016\043\016\004\000\040\016\101\016\045\016\060\016\101\016\031\016\047\016\027\016\062\016\007\016\101\016\001\016\111\016\104\016\002}{chapter.5}% 66
\BOOKMARK [1][-]{section.5.4}{\376\377\016\002\016\111\016\055\016\100\016\052\016\031\016\055\016\101\016\031\016\060\000\040\016\103\016\031\016\001\016\062\016\043\016\036\016\061\016\022\016\031\016\062\016\025\016\110\016\055\016\104\016\033}{chapter.5}% 67
\BOOKMARK [2][-]{subsection.5.4.1}{\376\377\016\001\016\062\016\043\016\033\016\043\016\061\016\032\016\033\016\043\016\070\016\007\016\037\016\061\016\007\016\001\016\114\016\012\016\061\016\031\016\001\016\062\016\043\016\027\016\063\016\007\016\062\016\031}{section.5.4}% 68
\BOOKMARK [2][-]{subsection.5.4.2}{\376\377\016\101\016\031\016\047\016\027\016\062\016\007\016\001\016\062\016\043\016\047\016\064\016\010\016\061\016\042\016\025\016\110\016\055\016\042\016\055\016\024}{section.5.4}% 69
\BOOKMARK [0][-]{subsection.5.4.2}{\376\377\016\100\016\055\016\001\016\052\016\062\016\043\016\055\016\111\016\062\016\007\016\055\016\064\016\007}{}% 70
\BOOKMARK [0][-]{chapter*.34}{\376\377\016\033\016\043\016\060\016\047\016\061\016\025\016\064\016\034\016\071\016\111\016\100\016\002\016\065\016\042\016\031}{}% 71
